// Jest Snapshot v1, https://goo.gl/fbAQLP

exports[`UserController GET users/{id} should return user 1`] = `
User {
  "createdAt": 2024-11-02T00:34:48.592Z,
  "deletedAt": null,
  "email": "john@doe.com",
  "firstName": "John",
  "id": 1,
  "lastName": "Doe",
  "password": "123456",
  "status": "ACTIVE",
  "updatedAt": 2024-11-02T00:34:48.592Z,
}
`;
